

================================================================
== Vivado HLS Report for 'kmeans'
================================================================
* Date:           Sun Mar 29 21:45:56 2020

* Version:        2016.3 (Build 1682563 on Mon Oct 10 19:41:59 MDT 2016)
* Project:        kmeans
* Solution:       solution1
* Product family: zynq
* Target device:  xc7z020clg400-3


================================================================
== Performance Estimates
================================================================
+ Timing (ns): 
    * Summary: 
    +--------+-------+----------+------------+
    |  Clock | Target| Estimated| Uncertainty|
    +--------+-------+----------+------------+
    |ap_clk  |  10.00|      7.16|        1.25|
    +--------+-------+----------+------------+

+ Latency (clock cycles): 
    * Summary: 
    +---------+---------+---------+---------+---------+
    |      Latency      |      Interval     | Pipeline|
    |   min   |   max   |   min   |   max   |   Type  |
    +---------+---------+---------+---------+---------+
    |  1246723|  1246723|  1246724|  1246724|   none  |
    +---------+---------+---------+---------+---------+

    + Detail: 
        * Instance: 
        N/A

        * Loop: 
        +-----------------+--------+--------+----------+-----------+-----------+------+----------+
        |                 |     Latency     | Iteration|  Initiation Interval  | Trip |          |
        |    Loop Name    |   min  |   max  |  Latency |  achieved |   target  | Count| Pipelined|
        +-----------------+--------+--------+----------+-----------+-----------+------+----------+
        |- Loop 1         |   66048|   66048|       258|          -|          -|   256|    no    |
        | + Loop 1.1      |     256|     256|         1|          -|          -|   256|    no    |
        |- Loop 2         |  721408|  721408|      2818|          -|          -|   256|    no    |
        | + Loop 2.1      |    2816|    2816|        11|          -|          -|   256|    no    |
        |  ++ Loop 2.1.1  |       4|       4|         1|          -|          -|     4|    no    |
        |  ++ Loop 2.1.2  |       3|       3|         1|          -|          -|     3|    no    |
        |- Loop 3         |  459264|  459264|      1794|          -|          -|   256|    no    |
        | + Loop 3.1      |    1792|    1792|         7|          -|          -|   256|    no    |
        +-----------------+--------+--------+----------+-----------+-----------+------+----------+



================================================================
== Utilization Estimates
================================================================
* Summary: 
+-----------------+---------+-------+--------+-------+
|       Name      | BRAM_18K| DSP48E|   FF   |  LUT  |
+-----------------+---------+-------+--------+-------+
|DSP              |        -|      -|       -|      -|
|Expression       |        -|      -|       0|    596|
|FIFO             |        -|      -|       -|      -|
|Instance         |        -|      -|       0|     32|
|Memory           |      256|      -|       0|      0|
|Multiplexer      |        -|      -|       -|    235|
|Register         |        -|      -|     412|      -|
+-----------------+---------+-------+--------+-------+
|Total            |      256|      0|     412|    863|
+-----------------+---------+-------+--------+-------+
|Available        |      280|    220|  106400|  53200|
+-----------------+---------+-------+--------+-------+
|Utilization (%)  |       91|      0|   ~0   |      1|
+-----------------+---------+-------+--------+-------+

+ Detail: 
    * Instance: 
    +-----------------------+--------------------+---------+-------+---+----+
    |        Instance       |       Module       | BRAM_18K| DSP48E| FF| LUT|
    +-----------------------+--------------------+---------+-------+---+----+
    |kmeans_mux_42_32_1_U0  |kmeans_mux_42_32_1  |        0|      0|  0|  32|
    +-----------------------+--------------------+---------+-------+---+----+
    |Total                  |                    |        0|      0|  0|  32|
    +-----------------------+--------------------+---------+-------+---+----+

    * DSP48: 
    N/A

    * Memory: 
    +-----------+--------------+---------+---+----+-------+-----+------+-------------+
    |   Memory  |    Module    | BRAM_18K| FF| LUT| Words | Bits| Banks| W*Bits*Banks|
    +-----------+--------------+---------+---+----+-------+-----+------+-------------+
    |empty_U    |kmeans_empty  |       64|  0|   0|  65536|   16|     1|      1048576|
    |empty_3_U  |kmeans_empty  |       64|  0|   0|  65536|   16|     1|      1048576|
    |empty_4_U  |kmeans_empty  |       64|  0|   0|  65536|   16|     1|      1048576|
    |empty_5_U  |kmeans_empty  |       64|  0|   0|  65536|   16|     1|      1048576|
    +-----------+--------------+---------+---+----+-------+-----+------+-------------+
    |Total      |              |      256|  0|   0| 262144|   64|     4|      4194304|
    +-----------+--------------+---------+---+----+-------+-----+------+-------------+

    * FIFO: 
    N/A

    * Expression: 
    +-------------------------------+----------+-------+---+----+------------+------------+
    |         Variable Name         | Operation| DSP48E| FF| LUT| Bitwidth P0| Bitwidth P1|
    +-------------------------------+----------+-------+---+----+------------+------------+
    |final_d0                       |     +    |      0|  0|   8|          16|          16|
    |i_1_fu_413_p2                  |     +    |      0|  0|   9|           9|           1|
    |j_1_fu_449_p2                  |     +    |      0|  0|   9|           9|           1|
    |l_1_fu_799_p2                  |     +    |      0|  0|   9|           9|           1|
    |p_1_fu_486_p2                  |     +    |      0|  0|   3|           3|           1|
    |p_2_fu_713_p2                  |     +    |      0|  0|   3|           1|           3|
    |p_sum1_fu_394_p2               |     +    |      0|  0|  16|          16|          16|
    |p_sum3_fu_730_p2               |     +    |      0|  0|  16|          16|          16|
    |p_sum4_fu_748_p2               |     +    |      0|  0|  16|          16|          16|
    |p_sum5_fu_766_p2               |     +    |      0|  0|  16|          16|          16|
    |p_sum6_fu_784_p2               |     +    |      0|  0|  16|          16|          16|
    |p_sum_fu_859_p2                |     +    |      0|  0|  16|          16|          16|
    |q_1_fu_835_p2                  |     +    |      0|  0|   9|           9|           1|
    |s_1_fu_355_p2                  |     +    |      0|  0|   9|           9|           1|
    |t_1_fu_388_p2                  |     +    |      0|  0|   9|           9|           1|
    |tmp1_fu_893_p2                 |     +    |      0|  0|   8|          16|          16|
    |tmp2_fu_899_p2                 |     +    |      0|  0|  16|          16|          16|
    |tmp_21_fu_459_p2               |     +    |      0|  0|  18|          18|          18|
    |tmp_22_fu_845_p2               |     +    |      0|  0|  18|          18|          18|
    |tmp_11_fu_525_p2               |     -    |      0|  0|  16|           1|          16|
    |tmp_8_fu_510_p2                |     -    |      0|  0|  32|          32|          32|
    |abscond_fu_519_p2              |   icmp   |      0|  0|  11|          32|           1|
    |exitcond1_fu_349_p2            |   icmp   |      0|  0|   4|           9|          10|
    |exitcond2_fu_407_p2            |   icmp   |      0|  0|   4|           9|          10|
    |exitcond3_fu_382_p2            |   icmp   |      0|  0|   4|           9|          10|
    |exitcond5_fu_443_p2            |   icmp   |      0|  0|   4|           9|          10|
    |exitcond6_fu_793_p2            |   icmp   |      0|  0|   4|           9|          10|
    |exitcond8_fu_480_p2            |   icmp   |      0|  0|   2|           3|           4|
    |exitcond9_fu_653_p2            |   icmp   |      0|  0|   2|           3|           4|
    |exitcond_fu_829_p2             |   icmp   |      0|  0|   4|           9|          10|
    |sel_tmp2_fu_553_p2             |   icmp   |      0|  0|   1|           2|           1|
    |sel_tmp3_fu_663_p2             |   icmp   |      0|  0|   2|           2|           3|
    |sel_tmp4_fu_567_p2             |   icmp   |      0|  0|   1|           2|           1|
    |sel_tmp6_fu_677_p2             |   icmp   |      0|  0|   1|           2|           1|
    |sel_tmp_fu_539_p2              |   icmp   |      0|  0|   2|           2|           3|
    |tmp_12_fu_875_p2               |   icmp   |      0|  0|   6|          16|           1|
    |tmp_13_fu_881_p2               |   icmp   |      0|  0|   6|          16|           1|
    |tmp_14_fu_724_p2               |   icmp   |      0|  0|   6|          16|           1|
    |tmp_15_fu_691_p2               |   icmp   |      0|  0|   6|          16|          16|
    |tmp_16_fu_887_p2               |   icmp   |      0|  0|   6|          16|           1|
    |tmp_17_fu_742_p2               |   icmp   |      0|  0|   6|          16|           1|
    |tmp_19_fu_760_p2               |   icmp   |      0|  0|   6|          16|           2|
    |tmp_20_fu_778_p2               |   icmp   |      0|  0|   6|          16|           2|
    |tmp_7_fu_869_p2                |   icmp   |      0|  0|   6|          16|           1|
    |ab_0_fu_531_p3                 |  select  |      0|  0|  16|           1|          16|
    |ab_3_14_fu_621_p3              |  select  |      0|  0|  16|           1|          16|
    |ab_3_15_fu_669_p3              |  select  |      0|  0|  16|           1|          16|
    |ab_3_17_fu_683_p3              |  select  |      0|  0|  16|           1|          16|
    |ab_3_1_fu_559_p3               |  select  |      0|  0|  16|           1|          16|
    |ab_3_2_fu_573_p3               |  select  |      0|  0|  16|           1|          16|
    |ab_3_3_fu_581_p3               |  select  |      0|  0|  16|           1|          16|
    |ab_3_4_fu_589_p3               |  select  |      0|  0|  16|           1|          16|
    |ab_3_5_fu_597_p3               |  select  |      0|  0|  16|           1|          16|
    |ab_3_7_fu_605_p3               |  select  |      0|  0|  16|           1|          16|
    |ab_3_8_fu_613_p3               |  select  |      0|  0|  16|           1|          16|
    |ab_3_fu_545_p3                 |  select  |      0|  0|  16|           1|          16|
    |cluster_4_cluster_2_fu_697_p3  |  select  |      0|  0|  16|           1|          16|
    |min_2_phi_min1_fu_705_p3       |  select  |      0|  0|  16|           1|          16|
    +-------------------------------+----------+-------+---+----+------------+------------+
    |Total                          |          |      0|  0| 596|         531|         566|
    +-------------------------------+----------+-------+---+----+------------+------------+

    * Multiplexer: 
    +-------------------+----+-----------+-----+-----------+
    |        Name       | LUT| Input Size| Bits| Total Bits|
    +-------------------+----+-----------+-----+-----------+
    |ap_NS_fsm          |  15|         17|    1|         17|
    |cluster_1_reg_304  |   3|          2|    3|          6|
    |cluster_fu_88      |  16|          2|   16|         32|
    |empty_3_address0   |  16|          5|   16|         80|
    |empty_3_d0         |  16|          4|   16|         64|
    |empty_4_address0   |  16|          5|   16|         80|
    |empty_4_d0         |  16|          4|   16|         64|
    |empty_5_address0   |  16|          5|   16|         80|
    |empty_5_d0         |  16|          4|   16|         64|
    |empty_address0     |  16|          5|   16|         80|
    |empty_d0           |  16|          4|   16|         64|
    |i_reg_261          |   9|          2|    9|         18|
    |j_reg_272          |   9|          2|    9|         18|
    |l_reg_315          |   9|          2|    9|         18|
    |min1_reg_295       |  16|          2|   16|         32|
    |p_reg_284          |   3|          2|    3|          6|
    |q_reg_326          |   9|          2|    9|         18|
    |s_reg_239          |   9|          2|    9|         18|
    |t_reg_250          |   9|          2|    9|         18|
    +-------------------+----+-----------+-----+-----------+
    |Total              | 235|         73|  221|        777|
    +-------------------+----+-----------+-----+-----------+

    * Register: 
    +----------------------+----+----+-----+-----------+
    |         Name         | FF | LUT| Bits| Const Bits|
    +----------------------+----+----+-----+-----------+
    |ab_3_10_fu_100        |  16|   0|   16|          0|
    |ab_3_11_fu_104        |  16|   0|   16|          0|
    |ab_3_6_fu_92          |  16|   0|   16|          0|
    |ab_3_9_fu_96          |  16|   0|   16|          0|
    |ap_CS_fsm             |  16|   0|   16|          0|
    |cluster_1_reg_304     |   3|   0|    3|          0|
    |cluster_fu_88         |  16|   0|   16|          0|
    |final_addr_reg_1086   |  16|   0|   16|          0|
    |i_1_reg_970           |   9|   0|    9|          0|
    |i_reg_261             |   9|   0|    9|          0|
    |j_1_reg_991           |   9|   0|    9|          0|
    |j_reg_272             |   9|   0|    9|          0|
    |l_1_reg_1063          |   9|   0|    9|          0|
    |l_reg_315             |   9|   0|    9|          0|
    |min1_reg_295          |  16|   0|   16|          0|
    |p_addr_4_reg_1098     |  16|   0|   16|          0|
    |p_addr_5_reg_1106     |  16|   0|   16|          0|
    |p_addr_6_reg_1114     |  16|   0|   16|          0|
    |p_addr_8_reg_1122     |  16|   0|   16|          0|
    |p_reg_284             |   3|   0|    3|          0|
    |p_sum_cast_reg_1091   |  16|   0|   32|         16|
    |q_1_reg_1081          |   9|   0|    9|          0|
    |q_reg_326             |   9|   0|    9|          0|
    |r_reg_1009            |  16|   0|   16|          0|
    |s_1_reg_915           |   9|   0|    9|          0|
    |s_reg_239             |   9|   0|    9|          0|
    |t_reg_250             |   9|   0|    9|          0|
    |tmp_1_reg_920         |   8|   0|   16|          8|
    |tmp_21_cast_reg_975   |   9|   0|   18|          9|
    |tmp_24_cast_reg_1068  |   9|   0|   18|          9|
    |tmp_3_reg_980         |   8|   0|   16|          8|
    |tmp_4_reg_1017        |  32|   0|   32|          0|
    |tmp_9_reg_1073        |   8|   0|   16|          8|
    |tmp_cast_reg_1001     |   9|   0|   16|          7|
    +----------------------+----+----+-----+-----------+
    |Total                 | 412|   0|  477|         65|
    +----------------------+----+----+-----+-----------+



================================================================
== Interface
================================================================
* Summary: 
+-------------------+-----+-----+------------+--------------+--------------+
|     RTL Ports     | Dir | Bits|  Protocol  | Source Object|    C Type    |
+-------------------+-----+-----+------------+--------------+--------------+
|ap_clk             |  in |    1| ap_ctrl_hs |    kmeans    | return value |
|ap_rst             |  in |    1| ap_ctrl_hs |    kmeans    | return value |
|ap_start           |  in |    1| ap_ctrl_hs |    kmeans    | return value |
|ap_done            | out |    1| ap_ctrl_hs |    kmeans    | return value |
|ap_idle            | out |    1| ap_ctrl_hs |    kmeans    | return value |
|ap_ready           | out |    1| ap_ctrl_hs |    kmeans    | return value |
|image_in_address0  | out |   16|  ap_memory |   image_in   |     array    |
|image_in_ce0       | out |    1|  ap_memory |   image_in   |     array    |
|image_in_q0        |  in |   16|  ap_memory |   image_in   |     array    |
|final_address0     | out |   16|  ap_memory |     final    |     array    |
|final_ce0          | out |    1|  ap_memory |     final    |     array    |
|final_we0          | out |    1|  ap_memory |     final    |     array    |
|final_d0           | out |   16|  ap_memory |     final    |     array    |
+-------------------+-----+-----+------------+--------------+--------------+

